[
    {
        "name": "New Year Day",
        "date": "2026-01-01"
    },
    {
        "name": "Australia Day",
        "date": "2026-01-26"
    },
    {
        "name": "Good Friday",
        "date": "2026-04-03"
    },
    {
        "name": "Easter Monday",
        "date": "2026-04-06"
    },
    {
        "name": "Anzac Day",
        "date": "2026-04-25"
    },
    {
        "name": "Christmas Day",
        "date": "2026-12-25"
    }
]